main.c:201:6:commutateNow_0	8	static
main.c:212:6:commutateNow_1	8	static
main.c:223:6:commutateNow_2	8	static
main.c:234:6:commutateNow_3	8	static
main.c:246:6:commutateNow_4	8	static
main.c:257:6:commutateNow_5	8	static
main.c:268:6:commutationPattern	40	static,ignoring_inline_asm
main.c:357:6:startMotor	16	static
main.c:399:6:reset	8	static
main.c:417:5:main	8	static
main.c:562:6:SystemClock_Config	128	static
main.c:611:13:MX_ADC2_Init	32	static
main.c:681:13:MX_COMP1_Init	8	static
main.c:716:13:MX_COMP2_Init	8	static
main.c:751:13:MX_COMP3_Init	8	static
main.c:786:13:MX_DAC_Init	24	static
main.c:824:13:MX_TIM1_Init	96	static
main.c:898:13:MX_TIM2_Init	40	static
main.c:943:13:MX_TIM3_Init	48	static
main.c:991:13:MX_TIM6_Init	24	static
main.c:1029:13:MX_TIM15_Init	56	static
main.c:1094:13:MX_TIM16_Init	8	static
main.c:1126:13:MX_USART1_UART_Init	8	static
main.c:1159:13:MX_DMA_Init	16	static
main.c:1181:13:MX_GPIO_Init	40	static
main.c:1228:6:HAL_ADC_ConvCpltCallback	16	static
main.c:1232:6:HAL_COMP_TriggerCallback	16	static
main.c:1247:6:HAL_TIM_PWM_PulseFinishedCallback	16	static
main.c:1281:6:HAL_TIM_IC_CaptureCallback	16	static
main.c:1318:6:StartComparatorTask	24	static
main.c:1382:6:StartAnalogInTask	16	static
main.c:1453:6:StartControllerTask	32	static
main.c:1494:6:StartPositioningTask	16	static
main.c:1513:6:HAL_TIM_PeriodElapsedCallback	16	static
main.c:1528:6:Error_Handler	4	static,ignoring_inline_asm
