main.c:201:6:commutateNow_0	8	static
main.c:212:6:commutateNow_1	8	static
main.c:223:6:commutateNow_2	8	static
main.c:234:6:commutateNow_3	8	static
main.c:246:6:commutateNow_4	8	static
main.c:257:6:commutateNow_5	8	static
main.c:268:6:commutationPattern	40	static,ignoring_inline_asm
main.c:357:6:startMotor	16	static
main.c:405:5:main	8	static
main.c:550:6:SystemClock_Config	128	static
main.c:599:13:MX_ADC2_Init	32	static
main.c:669:13:MX_COMP1_Init	8	static
main.c:704:13:MX_COMP2_Init	8	static
main.c:739:13:MX_COMP3_Init	8	static
main.c:774:13:MX_DAC_Init	24	static
main.c:812:13:MX_TIM1_Init	96	static
main.c:886:13:MX_TIM2_Init	40	static
main.c:931:13:MX_TIM3_Init	48	static
main.c:979:13:MX_TIM6_Init	24	static
main.c:1017:13:MX_TIM15_Init	56	static
main.c:1082:13:MX_TIM16_Init	8	static
main.c:1114:13:MX_USART1_UART_Init	8	static
main.c:1147:13:MX_DMA_Init	16	static
main.c:1169:13:MX_GPIO_Init	40	static
main.c:1216:6:HAL_ADC_ConvCpltCallback	16	static
main.c:1220:6:HAL_COMP_TriggerCallback	16	static
main.c:1235:6:HAL_TIM_PWM_PulseFinishedCallback	16	static
main.c:1269:6:HAL_TIM_IC_CaptureCallback	16	static
main.c:1306:6:StartComparatorTask	24	static
main.c:1370:6:StartAnalogInTask	16	static
main.c:1441:6:StartControllerTask	32	static
main.c:1482:6:StartPositioningTask	16	static
main.c:1501:6:HAL_TIM_PeriodElapsedCallback	16	static
main.c:1516:6:Error_Handler	4	static,ignoring_inline_asm
