stm32f3xx_it.c:83:6:NMI_Handler	4	static
stm32f3xx_it.c:98:6:HardFault_Handler	4	static
stm32f3xx_it.c:113:6:MemManage_Handler	4	static
stm32f3xx_it.c:128:6:BusFault_Handler	4	static
stm32f3xx_it.c:143:6:UsageFault_Handler	4	static
stm32f3xx_it.c:158:6:DebugMon_Handler	4	static
stm32f3xx_it.c:178:6:DMA1_Channel5_IRQHandler	8	static
stm32f3xx_it.c:192:6:ADC1_2_IRQHandler	8	static
stm32f3xx_it.c:206:6:TIM1_BRK_TIM15_IRQHandler	8	static
stm32f3xx_it.c:221:6:TIM1_UP_TIM16_IRQHandler	8	static
stm32f3xx_it.c:236:6:TIM1_CC_IRQHandler	8	static
stm32f3xx_it.c:250:6:TIM3_IRQHandler	8	static
stm32f3xx_it.c:264:6:TIM6_DAC_IRQHandler	8	static
stm32f3xx_it.c:279:6:TIM7_IRQHandler	8	static
stm32f3xx_it.c:293:6:DMA2_Channel1_IRQHandler	8	static
stm32f3xx_it.c:307:6:COMP1_2_3_IRQHandler	8	static
